[nathanplugintest.wordpress.com/index.html]
[backblue.gif]
[fade.gif]
[index.html]
[s1.wp.com/wp-content/themes/pub/twentyseventeen/style83bc.css]
[s1.wp.com/wp-content/mu-plugins/highlander-comments/styleb543.css]
[nathanplugintest.wordpress.com/feed/index.html]
[nathanplugintest.wordpress.com/comments/feed/index.html]
[nathanplugintest.wordpress.com/xmlrpc0db0.php]
[s2.wp.com/i/webclip.png]
[nathanplugintest.wordpress.com/osd.xml]
[s2.wp.com/wp-content/themes/pub/twentyseventeen/assets/images/header.jpg]
[twentysixteendemo.files.wordpress.com/2015/11/post6550.png]
[nathanplugintest.wordpress.com/contact/index.html]
[0.gravatar.com/js/gprofiles7316.js]
[nathanplugintest.wordpress.com/2018/04/18/the-journey-begins/index.html]
[s1.wp.com/wp-content/mu-plugins/gravatar-hovercards/wpgrohoc3b6.js]
[s2.wp.com/_static/indexbaad.html]
[s1.wp.com/wp-content/mu-plugins/carousel/jetpack-carousel5243.css]
[nathanplugintest.wordpress.com/wp-content/plugins/ie-sitemode/custom-jumplist.php]
[s.skimresources.com/js/725X1342.skimlinks.js]
[stats.wp.com/w9f61.js]
[pixel.wp.com/b0b80.gif]
[nathanplugintest.wordpress.com/index.html]
[s1.wp.com/wp-content/themes/pub/twentyseventeen/style83bc.css]
[s1.wp.com/wp-content/mu-plugins/highlander-comments/images/postto-buttons.png]
[s1.wp.com/wp-content/mu-plugins/highlander-comments/images/button-back.gif]
[s1.wp.com/wp-content/mu-plugins/highlander-comments/images/button-back-over.gif]
[s1.wp.com/wp-content/mu-plugins/highlander-comments/images/loader.gif]
[s1.wp.com/wp-content/mu-plugins/highlander-comments/styleb543.css]
[nathanplugintest.files.wordpress.com/2018/04/person-smartphone-office-table10d2.jpg]
[nathanplugintest.wordpress.com/contact/index.html]
[s0.wp.com/wp-content/mu-plugins/grunion-contact-form/css/grunion95bd.css]
[twentysixteendemo.files.wordpress.com/2015/11/postd6d1.png]
[nathanplugintest.wordpress.com/2018/04/18/the-journey-begins/index.html]
[nathanplugintest.wordpress.com/2018/04/18/the-journey-begins/feed/index.html]
[nathanplugintest.wordpress.com/2018/04/18/the-journey-begins/amp/index.html]
[nathanplugintest.wordpress.com/author/nathanplugintest/index.html]
[nathanplugintest.wordpress.com/ABCDEFGHIJKLMNOPQRSTUVWXYZabcdefghijklmnopqrstuvwxyz0123456789+/index.html]
[pixel.wp.com/g9818.gif]
[0.gravatar.com/js/gprofiles7316.js]
[s1.wp.com/wp-content/mu-plugins/gravatar-hovercards/wpgrohoc3b6.js]
[s2.wp.com/_static/indexbaad.html]
[s1.wp.com/wp-content/mu-plugins/carousel/images/arrows.png]
[s1.wp.com/wp-content/mu-plugins/carousel/images/arrows-2x.png]
[s1.wp.com/wp-content/mu-plugins/carousel/images/carousel-spritee4da.png]
[s1.wp.com/wp-content/mu-plugins/carousel/images/carousel-sprite-2xe4da.png]
[s1.wp.com/wp-content/mu-plugins/carousel/jetpack-carousel5243.css]
[nathanplugintest.wordpress.com/POST]
[nathanplugintest.wordpress.com/div.c]
[s.skimresources.com/js/725X1342.skimlinks.js]
[nathanplugintest.wordpress.com/g.gif]
[nathanplugintest.wordpress.com/c.gif]
[pixel.wp.com/t.gif]
[stats.wp.com/w9f61.js]
[s0.wp.com/wp-content/mu-plugins/grunion-contact-form/css/grunion95bd.css]
[nathanplugintest.wordpress.com/xmlrpc.php]
[twentysixteendemo.files.wordpress.com/2015/11/post.png]
[twentysixteendemo.files.wordpress.com/2015/11/post65c1.png]
[cdn.ampproject.org/v0.js]
[s2.wp.com/wp-content/plugins/amp/assets/images/placeholder-icon.png]
[pixel.wp.com/bec53.gif]
[nathanplugintest.wordpress.com/category/uncategorized/index.html]
[pixel.wp.com/b06da.gif]
[nathanplugintest.wordpress.com/2018/04/18/the-journey-begins/amp/index.html]
[nathanplugintest.wordpress.com/author/nathanplugintest/index.html]
[nathanplugintest.wordpress.com/ABCDEFGHIJKLMNOPQRSTUVWXYZabcdefghijklmnopqrstuvwxyz0123456789+/index.html]
[nathanplugintest.wordpress.com/POST.html]
[nathanplugintest.wordpress.com/div.html]
[nathanplugintest.wordpress.com/g.html]
[nathanplugintest.wordpress.com/c.html]
[nathanplugintest.wordpress.com/category/uncategorized/index.html]
[nathanplugintest.wordpress.com/author/nathanplugintest/feed/index.html]
[nathanplugintest.wordpress.com/category/uncategorized/feed/index.html]
